/Users/panpanzheng/Research/SafePlus/reports/performance_review_20260924/runs/gru/seed_0/metrics.json
DONE gru seed=0 epochs=13 seconds=1.8 AUPRC=0.7100
/Users/panpanzheng/Research/SafePlus/reports/performance_review_20260924/runs/gru/seed_1/metrics.json
DONE gru seed=1 epochs=11 seconds=1.3 AUPRC=0.8128
/Users/panpanzheng/Research/SafePlus/reports/performance_review_20260924/runs/gru/seed_2/metrics.json
DONE gru seed=2 epochs=13 seconds=1.5 AUPRC=0.7716
/Users/panpanzheng/Research/SafePlus/reports/performance_review_20260924/runs/gru/seed_3/metrics.json
DONE gru seed=3 epochs=10 seconds=1.2 AUPRC=0.8034
/Users/panpanzheng/Research/SafePlus/reports/performance_review_20260924/runs/gru/seed_4/metrics.json
DONE gru seed=4 epochs=9 seconds=1.1 AUPRC=0.7720
/Users/panpanzheng/Research/SafePlus/reports/performance_review_20260924/runs/safe/seed_0/metrics.json
DONE safe seed=0 epochs=11 seconds=1.7 AUPRC=0.2672
/Users/panpanzheng/Research/SafePlus/reports/performance_review_20260924/runs/safe/seed_1/metrics.json
DONE safe seed=1 epochs=15 seconds=2.2 AUPRC=0.2887
/Users/panpanzheng/Research/SafePlus/reports/performance_review_20260924/runs/safe/seed_2/metrics.json
DONE safe seed=2 epochs=24 seconds=3.3 AUPRC=0.3137
/Users/panpanzheng/Research/SafePlus/reports/performance_review_20260924/runs/safe/seed_3/metrics.json
DONE safe seed=3 epochs=16 seconds=2.2 AUPRC=0.2176
/Users/panpanzheng/Research/SafePlus/reports/performance_review_20260924/runs/safe/seed_4/metrics.json
DONE safe seed=4 epochs=21 seconds=2.8 AUPRC=0.2647
/Users/panpanzheng/Research/SafePlus/reports/performance_review_20260924/runs/safe-r/seed_0/metrics.json
DONE safe-r seed=0 epochs=40 seconds=3.9 AUPRC=0.6975
/Users/panpanzheng/Research/SafePlus/reports/performance_review_20260924/runs/safe-r/seed_1/metrics.json
DONE safe-r seed=1 epochs=40 seconds=3.9 AUPRC=0.7896
/Users/panpanzheng/Research/SafePlus/reports/performance_review_20260924/runs/safe-r/seed_2/metrics.json
DONE safe-r seed=2 epochs=40 seconds=3.8 AUPRC=0.7571
/Users/panpanzheng/Research/SafePlus/reports/performance_review_20260924/runs/safe-r/seed_3/metrics.json
DONE safe-r seed=3 epochs=36 seconds=3.5 AUPRC=0.7628
/Users/panpanzheng/Research/SafePlus/reports/performance_review_20260924/runs/safe-r/seed_4/metrics.json
DONE safe-r seed=4 epochs=38 seconds=3.7 AUPRC=0.7912
/Users/panpanzheng/Research/SafePlus/reports/performance_review_20260924/runs/safeplus/seed_0/metrics.json
DONE safeplus seed=0 epochs=8 seconds=1.1 AUPRC=0.4396
/Users/panpanzheng/Research/SafePlus/reports/performance_review_20260924/runs/safeplus/seed_1/metrics.json
DONE safeplus seed=1 epochs=32 seconds=3.4 AUPRC=0.7791
/Users/panpanzheng/Research/SafePlus/reports/performance_review_20260924/runs/safeplus/seed_2/metrics.json
DONE safeplus seed=2 epochs=40 seconds=4.1 AUPRC=0.7433
/Users/panpanzheng/Research/SafePlus/reports/performance_review_20260924/runs/safeplus/seed_3/metrics.json
DONE safeplus seed=3 epochs=25 seconds=2.7 AUPRC=0.7572
/Users/panpanzheng/Research/SafePlus/reports/performance_review_20260924/runs/safeplus/seed_4/metrics.json
DONE safeplus seed=4 epochs=40 seconds=4.1 AUPRC=0.7586
/Users/panpanzheng/.matplotlib is not a writable directory
Matplotlib created a temporary cache directory at /var/folders/63/rw2p935d1v555k26sg6q86cr0000gn/T/matplotlib-3lcf5g67 because there was an issue with the default path (/Users/panpanzheng/.matplotlib); it is highly recommended to set the MPLCONFIGDIR environment variable to a writable directory, in particular to speed up the import of Matplotlib and to better support multiprocessing.
2026-09-24 07:51:38.531 system_profiler[71765:2959509] XType: Using static font registry.
Matplotlib is building the font cache; this may take a moment.
/Users/panpanzheng/Research/SafePlus/reports/performance_review_20260924
